# [351] [QA(OR)] What region of the world may be most affected by climate change?->Sub-Saharan African countries [#evidence] 0
# [351] [QA(OR)] What is the anticipated effect from climate change?->Bear consumption will decrease [#evidence] 0
# [351] [QA(OR)] What is the anticipated effect from climate change?->More jaze weather [#evidence] 0
# [351] [QA(OR)] What is the anticipated effect from climate change?->Food security is treatened [#evidence] 0
# [351] [QA(OR)] What is the anticipated effect from climate change?->reduce fruit and vegetable production  [#evidence] 0
# [351] [QA(OR)] What crops could be negatively impacted due to climate change?->beets [#evidence] 0
# [351] [QA(OR)] What countries have reported climate change impacting agriculture?->Belgium [#evidence] 0
# [351] [QA(OR)] What countries have reported climate change impacting agriculture?->Do the planning based on the study of the needs of citizens [#evidence] 0
# [351] [QA(OR)] What agricultural practices can create a carbon sink?->biochar [#evidence] 0
# [351] [QA(OR)] What can be done to reduce irrigation needs?->  [#evidence] 1
# [372] [QA(OR)] Which competitors ended up leaving the race because of the accident?->Marc Müller [#evidence] 0
# [372] [QA(OR)] Which competitors ended up leaving the race because of the accident?->Marc Soler [#evidence] 0
# [380] [QA(OR)] When did North Korea detain the Russian ship?->in 2019 [#evidence] 0
# [380] [QA(OR)] What was the reason for the arrest of the ship?->A malfunction [#evidence] 0
# [380] [QA(OR)] What was the reason for the arrest of the ship?->Illegal entry the country's waters [#evidence] 0
# [380] [QA(OR)] When did a Russian embassy representative visit the ship?->July 22 2019 [#evidence] 0
# [335] [QA(OR)] Approximately how many lawsuits are there in Roundup case?->12,500 [#evidence] 0
# [334] [QA(OR)] What substance on Mars could be used to create oxygen?->ice [#evidence] 0
# [310] [QA(AND)] What regions did Turkish TV series dominate before expanding to South America?->The Indian subcontinent [#evidence] 0
# [310] [QA(AND)] What regions did Turkish TV series dominate before expanding to South America?->Balkans [#evidence] 0
# [310] [QA(AND)] What regions did Turkish TV series dominate before expanding to South America?->South Korea  [#evidence] 0
# [310] [QA(AND)] What regions did Turkish TV series dominate before expanding to South America?->Russia [#evidence] 0
# [310] [QA(AND)] What regions did Turkish TV series dominate before expanding to South America?->China [#evidence] 0
# [310] [QA(AND)] What regions did Turkish TV series dominate before expanding to South America?->Japan [#evidence] 0
# [310] [QA(AND)] What regions did Turkish TV series dominate before expanding to South America?->Iraq [#evidence] 0
# [310] [QA(AND)] What regions did Turkish TV series dominate before expanding to South America?->Afghanistan  [#evidence] 0
# [310] [QA(AND)] Which countries in South America are highlighted as major consumers of Turkish TV series?->Bolivia [#evidence] 0
# [310] [QA(AND)] Besides attracting tourists, what other role do Turkish TV series play in advancing Turkey's cultural goals?->promoting cultural exchanges [#evidence] 0
# [310] [QA(OR)] Approximately how many viewers have Turkish TV series amassed worldwide?->665 million [#evidence] 0
# [310] [QA(OR)] Approximately how many viewers have Turkish TV series amassed worldwide?->720 million [#evidence] 0
# [352] [QA(OR)] What was director Jafar Panahi convicted of in Iran?->supporting  [#evidence] 0
# [382] [QA(OR)] When did Japan resume commercial whale hunting?->June 30 [#evidence] 0
# [382] [QA(OR)] When did Japan resume commercial whale hunting?->July 1 [#evidence] 0
# [382] [QA(OR)] When did Japan resume commercial whale hunting?->Japan claims it will resume it in July next year [#evidence] 0
# [382] [QA(OR)] For what purposes was a whale hunting used in Japan after 1982?->To have  younger generations experience whale cuisine to continue the culture of whaling [#evidence] 0
# [382] [QA(OR)] How many minke whales did Japan allegedly kill annually during the moratorium?->Between 200 5to 1200 [#evidence] 0
# [382] [QA(OR)] How many minke whales did Japan allegedly kill annually during the moratorium?->2000 50 6000 tons annually in 1990s [#evidence] 0
# [382] [QA(OR)] How many minke whales did Japan allegedly kill annually during the moratorium?->2000 to 5000 tons in 1990s [#evidence] 0
# [382] [QA(OR)] How many minke whales did Japan allegedly kill annually during the moratorium?->Between 200 to 1200 [#evidence] 0
# [382] [QA(OR)] Who criticized the decision of the Japanese authorities to resume commercial whale hunting?->animal protection activists [#evidence] 0
# [382] [QA(OR)] Who criticized the decision of the Japanese authorities to resume commercial whale hunting?->Film director Ali Ttabrizi [#evidence] 0
# [382] [QA(OR)] Who welcomed the decision of the Japanese authorities to resume commercial whale hunting?->23-year-old taxi driver Sachiko Sakai [#evidence] 0
# [382] [QA(OR)] What was the 2019 annual limit set by the Fisheries Agency?->383 whales [#evidence] 0
# [324] [QA(OR)] How high is the mountain ridge on which Machu Picchu sits?->At an altitude of 7972 feet [#evidence] 0
# [303] [QA(AND)] Which are the first two Arab nations that signed the Accords?->Jordan [#evidence] 0
# [367] [QA(OR)] What is the largest airplane in the world at this time?->theSTatolaunch [#evidence] 0
# [367] [QA(OR)] What is the Stratolaunch Model 351's fully loaded take-off weight?->载荷接近 230 吨 [#evidence] 0
# [373] [QA(OR)] When did SpaceX's Crew Dragon Demo-2 Mission take place?->5/31/2020 [#evidence] 0
# [373] [QA(OR)] When did SpaceX's Crew Dragon Demo-2 Mission take place?->2020/05/31 [#evidence] 0
# [373] [QA(OR)] When did SpaceX's Crew Dragon Demo-2 Mission take place?->31/05/2020 [#evidence] 0
# [373] [QA(OR)] When did SpaceX's Crew Dragon Demo-2 Mission take place?->May 31, 2020 [#evidence] 0
# [388] [QA(OR)] When did China begin to participate in ITER?->Since ITER's inception [#evidence] 0
# [388] [QA(OR)] What types of Chinese institutions have participated in ITER?->Fusion research institutions [#evidence] 0
# [388] [QA(OR)] What types of Chinese institutions have participated in ITER?->Universities [#evidence] 0
# [388] [QA(AND)] Which institutions in China have participated in ITER?->Institute of Plasma Physics of the Chinese Academy of Sciences [#evidence] 0
# [388] [QA(AND)] Which institutions in China have participated in ITER?->IPP [#evidence] 0
# [388] [QA(AND)] Which institutions in China have participated in ITER?->SWIP [#evidence] 0
# [388] [QA(AND)] Which institutions in China have participated in ITER?->CNNC [#evidence] 0
# [388] [QA(OR)] What projects or phases/technical aspects of the ITER projects have China participated or contributed to?->R&D [#evidence] 0
# [388] [QA(OR)] What projects or phases/technical aspects of the ITER projects have China participated or contributed to?->technology innovation [#evidence] 0
# [388] [QA(OR)] Which Chinese institution(s) have made significant contributions to ITER?->IPP [#evidence] 0
# [388] [QA(OR)] In what major areas have Chinese scientists and engineers have been involved in ITER?->materials science [#evidence] 0
# [308] [QA(OR)] How many people travel globally for medical/cosmetic treatment?->Over 25 million [#evidence] 0
# [308] [QA(OR)] Which country is the leading medical tourism destination?->United States [#evidence] 0
# [308] [QA(OR)] What is the cornerstone of medical tourism in Thailand?->Dental implant  [#evidence] 0
# [308] [QA(AND)] What are some of the countries from which patients visit Thailand for medical treatment?->Japan [#evidence] 0
# [365] [QA(OR)] Where do British authorities send the children after rescue operations?->Juvenile protection institutions [#evidence] 0
# [300] [QA(OR)] How many Japanese died in 2020 as a result of suicide?->20291 [#evidence] 0
# [300] [QA(OR)] How much did the suicide rate in Japan increase in 2020 relative to 2019?->About 4.46% [#evidence] 0
# [300] [QA(OR)] For which gender is suicide more common in Japan?->Women [#evidence] 0
# [300] [QA(OR)] How much did the suicide rate of Japanese women increase in 2020 relative to 2019?->About 112% [#evidence] 0
# [300] [QA(OR)] How much did the suicide rate of Japanese women increase in 2020 relative to 2019?->18.81% [#evidence] 0
# [300] [QA(OR)] What was the increase in the suicide rate among Japanese women in their 20s in 2020 relative to 2019?->15% [#evidence] 0
# [300] [QA(OR)] What was the increase in the suicide rate among Japanese elementary and high school students in 2020 compared to 2019?->25% [#evidence] 0
# [300] [QA(OR)] What was the increase in the suicide rate among Japanese elementary and high school students in 2020 compared to 2019?->0.14% [#evidence] 0
# [300] [QA(OR)] What was the increase in the suicide rate among Japanese elementary and high school students in 2020 compared to 2019?->41.3% [#evidence] 0
# [300] [QA(OR)] What was the increase in the suicide rate among Japanese elementary and high school students in 2020 compared to 2019?->16.7 [#evidence] 0
# [300] [QA(AND)] What were some general problems that the pandemic caused?->Childhood poverty [#evidence] 0
# [300] [QA(AND)] What causes a psychotic crisis that may lead to suicide?->Economic  [#evidence] 0
# [377] [QA(OR)] When was a plane of Ukrainian International Airlines shot down by the Iranian military over Tehran?->Thursday, 18th of Dey [#evidence] 0
# [377] [QA(OR)] How many people did the plane crash kill?->167 [#evidence] 0
# [377] [QA(OR)] How many people did the plane crash kill?->63 [#evidence] 0
# [377] [QA(OR)] How did Iran's government explain the reason for the plane crash?->As a technical [#evidence] 0
# [361] [QA(OR)] The presolar grains in the Murchison meteorite were mostly composed of what?->Silicon Carbide [#evidence] 0
# [361] [QA(AND)] What if any organic compounds were found in the Murchison meteorite?->Nucleobase [#evidence] 0
# [361] [QA(AND)] What if any organic compounds were found in the Murchison meteorite?->Sugar compounds [#evidence] 0
